// Jest Snapshot v1, https://goo.gl/fbAQLP

exports[`<Icon /> should match snapshot 1`] = `"<div class=\\"rex-icons\\" role=\\"presentation\\"><h1>Hello ReX React Component Starter Kit!!</h1></div>"`;
